Function Arguments:
$qcs_id
NULL

$long_table
NULL

$manifest
[1] "/home/runner/work/gDRworkshops/gDRworkshops/examples/Timecourse_HMSLINCS_MCF10A_2016/prepared/manifest_20160421.xlsx"

$treatment
[1] "/home/runner/work/gDRworkshops/gDRworkshops/examples/Timecourse_HMSLINCS_MCF10A_2016/prepared/Template_20160421_308.xlsx"

$raw_data
[1] "/home/runner/work/gDRworkshops/gDRworkshops/examples/Timecourse_HMSLINCS_MCF10A_2016/prepared/MN20160421_X01 total.xlsx,/home/runner/work/gDRworkshops/gDRworkshops/examples/Timecourse_HMSLINCS_MCF10A_2016/prepared/MN20160421_X02 total.xlsx,/home/runner/work/gDRworkshops/gDRworkshops/examples/Timecourse_HMSLINCS_MCF10A_2016/prepared/MN20160421_X03 total.xlsx,/home/runner/work/gDRworkshops/gDRworkshops/examples/Timecourse_HMSLINCS_MCF10A_2016/prepared/MN20160421_X04 total.xlsx,/home/runner/work/gDRworkshops/gDRworkshops/examples/Timecourse_HMSLINCS_MCF10A_2016/prepared/MN20160421_X05 total.xlsx,/home/runner/work/gDRworkshops/gDRworkshops/examples/Timecourse_HMSLINCS_MCF10A_2016/prepared/MN20160421_X06 total.xlsx"

$prism_data_path
NULL

$cell_line_data_path
NULL

$treatment_data_path
NULL

$drug_annotation_path
NULL

$cell_line_annotation_path
NULL

$meta_data_path
NULL

$feat_data_path
NULL

$feature_sets
[1] "CRISPRGeneEffect"                         
[2] "OmicsExpressionProteinCodingGenesTPMLogp1"
[3] "OmicsSomaticMutationsMatrixHotspot"       
[4] "OmicsSomaticMutationsMatrixDamaging"      
[5] "OmicsCNGene"                              

$metadata_columns
[1] "OncotreeLineage" "PatientRace"    

$output_dir
[1] "/home/runner/work/gDRworkshops/gDRworkshops/examples/Timecourse_HMSLINCS_MCF10A_2016/report"

$viz_format
[1] "svg"

$rmd_template_path
[1] "/home/runner/work/_temp/Library/gDR/report_templates/incucyte"
[2] "/home/runner/work/_temp/Library/gDR/report_templates"         

$steps
[1] 1 2 3

$mae
NULL

$special_sections
NULL

$verbose_mode
[1] FALSE

$with_decoding
[1] TRUE

$dpi
[1] 96

$embed
[1] TRUE

$configuration_file_path
[1] "/home/runner/work/gDRworkshops/gDRworkshops/examples/Timecourse_HMSLINCS_MCF10A_2016/raw_data/time_course_plot_params.yml"

$remove_on_failure
[1] TRUE

$resume
[1] FALSE

1/18                
2/18 [setup]        
3/18                
4/18 [gDR_style]    
5/18                
6/18 [libraries]    
7/18                
8/18 [get_wd]       
9/18                
10/18 [load_data]    
11/18                
12/18 [plate_vis]    
13/18                
14/18 [cleanup_data] 
15/18                
16/18 [summary]      
17/18                
18/18 [plot_packages]
/opt/hostedtoolcache/pandoc/3.8.3/x64/pandoc +RTS -K512m -RTS 1-data_import.knit.md --to html4 --from markdown+autolink_bare_uris+tex_math_single_backslash --output /home/runner/work/gDRworkshops/gDRworkshops/examples/Timecourse_HMSLINCS_MCF10A_2016/report/v1/1-data_import.html --lua-filter /home/runner/work/_temp/Library/bookdown/rmarkdown/lua/custom-environment.lua --lua-filter /home/runner/work/_temp/Library/rmarkdown/rmarkdown/lua/pagebreak.lua --lua-filter /home/runner/work/_temp/Library/rmarkdown/rmarkdown/lua/latex-div.lua --lua-filter /home/runner/work/_temp/Library/rmarkdown/rmarkdown/lua/table-classes.lua --embed-resources --standalone --wrap preserve --variable bs3=TRUE --section-divs --table-of-contents --toc-depth 3 --variable toc_float=1 --variable toc_selectors=h1,h2,h3 --variable toc_collapsed=1 --variable toc_smooth_scroll=1 --variable toc_print=1 --template /tmp/RtmpvZZ8IZ/BiocStyle/template.html --syntax-highlighting none --variable highlightjs=1 --number-sections --variable theme=bootstrap --css /home/runner/work/_temp/Library/BiocStyle/resources/html/bioconductor.css --mathjax --variable 'mathjax-url=https://mathjax.rstudio.com/latest/MathJax.js?config=TeX-AMS-MML_HTMLorMML' --include-in-header /tmp/RtmpvZZ8IZ/rmarkdown-str1dc17e13aa32.html --variable code_folding=hide --variable code_menu=1 
1/26                    
2/26 [setup]            
3/26                    
4/26 [gDR_style]        
5/26                    
6/26 [libraries]        
7/26                    
8/26 [drug_dose_layout] 
9/26                    
10/26 [unnamed-chunk-1]  
11/26                    
12/26 [unnamed-chunk-2]  
13/26                    
14/26 [create_SE_rowData]
15/26                    
16/26 [create_SE_colData]
17/26                    
18/26 [create_SE_sa_qc]  
19/26                    
1/1
20/26 [sa_controls]      
21/26                    
22/26 [sa_controls_save] 
23/26                    
24/26 [create_mae]       
25/26                    
26/26 [plot_packages]    
/opt/hostedtoolcache/pandoc/3.8.3/x64/pandoc +RTS -K512m -RTS 2-processing_and_QC.knit.md --to html4 --from markdown+autolink_bare_uris+tex_math_single_backslash --output /home/runner/work/gDRworkshops/gDRworkshops/examples/Timecourse_HMSLINCS_MCF10A_2016/report/v1/2-processing_and_QC.html --lua-filter /home/runner/work/_temp/Library/bookdown/rmarkdown/lua/custom-environment.lua --lua-filter /home/runner/work/_temp/Library/rmarkdown/rmarkdown/lua/pagebreak.lua --lua-filter /home/runner/work/_temp/Library/rmarkdown/rmarkdown/lua/latex-div.lua --lua-filter /home/runner/work/_temp/Library/rmarkdown/rmarkdown/lua/table-classes.lua --embed-resources --standalone --wrap preserve --variable bs3=TRUE --section-divs --table-of-contents --toc-depth 3 --variable toc_float=1 --variable toc_selectors=h1,h2,h3 --variable toc_collapsed=1 --variable toc_smooth_scroll=1 --variable toc_print=1 --template /tmp/RtmpvZZ8IZ/BiocStyle/template.html --syntax-highlighting none --variable highlightjs=1 --number-sections --variable theme=bootstrap --css /home/runner/work/_temp/Library/BiocStyle/resources/html/bioconductor.css --mathjax --variable 'mathjax-url=https://mathjax.rstudio.com/latest/MathJax.js?config=TeX-AMS-MML_HTMLorMML' --include-in-header /tmp/RtmpvZZ8IZ/rmarkdown-str1dc11582319a.html --variable code_folding=hide --variable code_menu=1 
1/31                              
2/31 [setup]                      
3/31                              
4/31 [gDR_style]                  
5/31                              
6/31 [packages]                   
7/31                              
8/31 [read_config]                
9/31                              
10/31 [read_in_data]               
11/31                              
12/31 [add_treatment_names]        
13/31                              
14/31 [output_dir]                 
15/31                              
16/31 [defining_events]            
17/31                              
18/31 [data_combinations]          
19/31                              
20/31 [calc_growth_rates]          
21/31                              
22/31 [grow_rates_wide_format]     
23/31                              
24/31 [aggregate_treatments]       
25/31                              
26/31 [create_se]                  
27/31                              
28/31 [process_and_plot_cell_lines]
29/31                              
30/31 [plot_packages]              
31/31                              
/opt/hostedtoolcache/pandoc/3.8.3/x64/pandoc +RTS -K512m -RTS 3-analysis.knit.md --to html4 --from markdown+autolink_bare_uris+tex_math_single_backslash --output /home/runner/work/gDRworkshops/gDRworkshops/examples/Timecourse_HMSLINCS_MCF10A_2016/report/v1/3-analysis.html --lua-filter /home/runner/work/_temp/Library/bookdown/rmarkdown/lua/custom-environment.lua --lua-filter /home/runner/work/_temp/Library/rmarkdown/rmarkdown/lua/pagebreak.lua --lua-filter /home/runner/work/_temp/Library/rmarkdown/rmarkdown/lua/latex-div.lua --lua-filter /home/runner/work/_temp/Library/rmarkdown/rmarkdown/lua/table-classes.lua --embed-resources --standalone --wrap preserve --variable bs3=TRUE --section-divs --table-of-contents --toc-depth 3 --variable toc_float=1 --variable toc_selectors=h1,h2,h3 --variable toc_collapsed=1 --variable toc_smooth_scroll=1 --variable toc_print=1 --template /tmp/RtmpvZZ8IZ/BiocStyle/template.html --syntax-highlighting none --variable highlightjs=1 --number-sections --variable theme=bootstrap --css /home/runner/work/_temp/Library/BiocStyle/resources/html/bioconductor.css --mathjax --variable 'mathjax-url=https://mathjax.rstudio.com/latest/MathJax.js?config=TeX-AMS-MML_HTMLorMML' --include-in-header /tmp/RtmpvZZ8IZ/rmarkdown-str1dc131f58237.html --variable code_folding=hide --variable code_menu=1 

Session Info:
R version 4.6.1 (2026-06-24)
Platform: x86_64-pc-linux-gnu
Running under: Ubuntu 24.04.5 LTS

Matrix products: default
BLAS:   /usr/lib/x86_64-linux-gnu/openblas-pthread/libblas.so.3 
LAPACK: /usr/lib/x86_64-linux-gnu/openblas-pthread/libopenblasp-r0.3.26.so;  LAPACK version 3.12.0

locale:
 [1] LC_CTYPE=C.UTF-8       LC_NUMERIC=C           LC_TIME=C.UTF-8       
 [4] LC_COLLATE=C.UTF-8     LC_MONETARY=C.UTF-8    LC_MESSAGES=C.UTF-8   
 [7] LC_PAPER=C.UTF-8       LC_NAME=C              LC_ADDRESS=C          
[10] LC_TELEPHONE=C         LC_MEASUREMENT=C.UTF-8 LC_IDENTIFICATION=C   

time zone: UTC
tzcode source: system (glibc)

attached base packages:
[1] stats4    stats     graphics  grDevices utils     datasets  methods  
[8] base     

other attached packages:
 [1] stringr_1.6.0               yaml_2.3.12                
 [3] RColorBrewer_1.1-3          patchwork_1.3.2            
 [5] ggplot2_4.0.3               MultiAssayExperiment_1.39.1
 [7] SummarizedExperiment_1.43.0 Biobase_2.73.2             
 [9] GenomicRanges_1.65.4        Seqinfo_1.3.2              
[11] IRanges_2.47.5              S4Vectors_0.51.10          
[13] BiocGenerics_0.59.12        generics_0.1.4             
[15] MatrixGenerics_1.25.0       matrixStats_1.5.0          
[17] gDRplots_0.99.3             summarytools_1.1.5         
[19] qs2_0.3.1                   BiocStyle_2.41.0           
[21] writexl_2.0.1               data.table_1.18.6.1        
[23] gDR_1.11.8                  gDRutils_1.11.14           
[25] gDRimport_1.11.4            gDRcore_1.11.16            

loaded via a namespace (and not attached):
 [1] formatR_1.14         tcltk_4.6.1          readxl_1.5.0.1      
 [4] rlang_1.3.0          magrittr_2.0.5       otel_0.2.0          
 [7] compiler_4.6.1       systemfonts_1.3.2    vctrs_0.7.3         
[10] reshape2_1.4.5       pkgconfig_2.0.3      fastmap_1.2.0       
[13] backports_1.5.1      magick_2.9.1         XVector_0.53.0      
[16] labeling_0.4.3       pander_0.6.6         rmarkdown_2.32      
[19] ragg_1.5.2           tinytex_0.61         purrr_1.2.2         
[22] xfun_0.61            cachem_1.1.0         jsonlite_2.0.0      
[25] DelayedArray_0.39.7  BiocParallel_1.47.0  parallel_4.6.1      
[28] R6_2.6.1             bslib_0.12.0         stringi_1.8.9       
[31] lubridate_1.9.5      jquerylib_0.1.4      cellranger_1.1.0    
[34] Rcpp_1.1.2           bookdown_0.48        assertthat_0.2.1    
[37] knitr_1.52           base64enc_0.1-6      BiocBaseUtils_1.15.1
[40] Matrix_1.7-5         timechange_0.4.0     tidyselect_1.2.1    
[43] abind_1.4-8          stringfish_0.19.2    codetools_0.2-20    
[46] lattice_0.22-9       tibble_3.3.1         plyr_1.8.9          
[49] withr_3.0.3          BumpyMatrix_1.21.0   S7_0.2.2            
[52] evaluate_1.0.5       lambda.r_1.2.4       futile.logger_1.4.9 
[55] RcppParallel_6.2.1   pillar_1.11.1        BiocManager_1.30.27 
[58] whisker_0.4.1        checkmate_2.3.4      DT_0.34.0           
[61] scales_1.4.0         glue_1.8.1           pheatmap_1.0.13     
[64] tools_4.6.1          rapportools_1.2      grid_4.6.1          
[67] tidyr_1.3.2          crosstalk_1.2.2      cli_3.6.6           
[70] textshaping_1.0.5    futile.options_1.0.1 S4Arrays_1.13.1     
[73] svglite_2.2.2        rematch_2.0.0        dplyr_1.2.1         
[76] gtable_0.3.6         sass_0.4.10          digest_0.6.39       
[79] SparseArray_1.13.3   ggrepel_0.9.8        htmlwidgets_1.6.4   
[82] farver_2.1.2         htmltools_0.5.9      lifecycle_1.0.5     
[85] MASS_7.3-65         
