Function Arguments:
$qcs_id
NULL

$manifest
[1] "/gne/web/dev/apache/htdocs/projects/gDR/ref_files/workshops26/LargeDrugCombo_Goetz_Cancers_2024/*manifest*"

$treatment
[1] "/gne/web/dev/apache/htdocs/projects/gDR/ref_files/workshops26/LargeDrugCombo_Goetz_Cancers_2024/*template*"

$raw_data
[1] "/gne/web/dev/apache/htdocs/projects/gDR/ref_files/workshops26/LargeDrugCombo_Goetz_Cancers_2024/*.csv"

$prism_data_path
NULL

$cell_line_data_path
NULL

$treatment_data_path
NULL

$drug_annotation_path
NULL

$cell_line_annotation_path
NULL

$meta_data_path
NULL

$feat_data_path
NULL

$feature_sets
[1] "CRISPRGeneEffect"                         
[2] "OmicsExpressionProteinCodingGenesTPMLogp1"
[3] "OmicsSomaticMutationsMatrixHotspot"       
[4] "OmicsSomaticMutationsMatrixDamaging"      
[5] "OmicsCNGene"                              

$metadata_columns
[1] "OncotreeLineage" "PatientRace"    

$output_dir
[1] "/gne/web/dev/apache/htdocs/projects/gDR/reports/tmp/LargeDrugCombo_Goetz_Cancers_2024"

$viz_format
[1] "svg"

$push_to_DSDB
[1] FALSE

$rmd_template_path
[1] "/home/czechb3/R/cascadelake/cedar_r4.5_bioc3.22-devel/gDRinternal/report_templates"

$steps
[1] 1 2 3

$mae
NULL

$special_sections
NULL

$username
NULL

$verbose_mode
[1] TRUE

$with_decoding
[1] TRUE

$dpi
[1] 96

$embed
[1] TRUE

$configuration_file_path
NULL

$remove_on_failure
[1] TRUE

$resume
[1] FALSE

$testing
[1] TRUE

1/20                
2/20 [setup]        
3/20                
4/20 [gDR_style]    
5/20                
6/20 [libraries]    
7/20                
8/20 [get_wd]       
9/20                
10/20 [load_data]    
11/20                
12/20 [plate_vis]    
13/20                
14/20 [plate_vis_ls] 
15/20                
1/87                      
2/87 [plate_viz_stack_001]
3/87                      
4/87 [plate_viz_stack_002]
5/87                      
6/87 [plate_viz_stack_003]
7/87                      
8/87 [plate_viz_stack_004]
9/87                      
10/87 [plate_viz_stack_005]
11/87                      
12/87 [plate_viz_stack_006]
13/87                      
14/87 [plate_viz_stack_007]
15/87                      
16/87 [plate_viz_stack_008]
17/87                      
18/87 [plate_viz_stack_009]
19/87                      
20/87 [plate_viz_stack_010]
21/87                      
22/87 [plate_viz_stack_011]
23/87                      
24/87 [plate_viz_stack_012]
25/87                      
26/87 [plate_viz_stack_013]
27/87                      
28/87 [plate_viz_stack_014]
29/87                      
30/87 [plate_viz_stack_015]
31/87                      
32/87 [plate_viz_stack_016]
33/87                      
34/87 [plate_viz_stack_017]
35/87                      
36/87 [plate_viz_stack_018]
37/87                      
38/87 [plate_viz_stack_019]
39/87                      
40/87 [plate_viz_stack_020]
41/87                      
42/87 [plate_viz_stack_021]
43/87                      
44/87 [plate_viz_stack_022]
45/87                      
46/87 [plate_viz_stack_023]
47/87                      
48/87 [plate_viz_stack_024]
49/87                      
50/87 [plate_viz_stack_025]
51/87                      
52/87 [plate_viz_stack_026]
53/87                      
54/87 [plate_viz_stack_027]
55/87                      
56/87 [plate_viz_stack_028]
57/87                      
58/87 [plate_viz_stack_029]
59/87                      
60/87 [plate_viz_stack_030]
61/87                      
62/87 [plate_viz_stack_031]
63/87                      
64/87 [plate_viz_stack_032]
65/87                      
66/87 [plate_viz_stack_033]
67/87                      
68/87 [plate_viz_stack_034]
69/87                      
70/87 [plate_viz_stack_035]
71/87                      
72/87 [plate_viz_stack_036]
73/87                      
74/87 [plate_viz_stack_037]
75/87                      
76/87 [plate_viz_stack_038]
77/87                      
78/87 [plate_viz_stack_039]
79/87                      
80/87 [plate_viz_stack_040]
81/87                      
82/87 [plate_viz_stack_041]
83/87                      
84/87 [plate_viz_stack_042]
85/87                      
86/87 [plate_viz_stack_043]
87/87                      
16/20 [cleanup_data] 
17/20                
18/20 [summary]      
19/20                
20/20 [plot_packages]
/apps/rocs/cedar/2020.08/cascadelake/software/Pandoc/2.13/bin/pandoc +RTS -K512m -RTS 1-data_import.knit.md --to html4 --from markdown+autolink_bare_uris+tex_math_single_backslash --output /gne/web/dev/apache/htdocs/projects/gDR/reports/tmp/LargeDrugCombo_Goetz_Cancers_2024/v2_verbose/1-data_import.html --lua-filter /apps/rocs/cedar/2020.08/cascadelake/site-libs/R/cedar_r4.5_bioc3.22-devel/2025_10_03/incremental/rlibs/bookdown/rmarkdown/lua/custom-environment.lua --lua-filter /home/czechb3/R/cascadelake/cedar_r4.5_bioc3.22-devel/rmarkdown/rmarkdown/lua/pagebreak.lua --lua-filter /home/czechb3/R/cascadelake/cedar_r4.5_bioc3.22-devel/rmarkdown/rmarkdown/lua/latex-div.lua --self-contained --wrap preserve --variable bs3=TRUE --section-divs --table-of-contents --toc-depth 3 --variable toc_float=1 --variable toc_selectors=h1,h2,h3 --variable toc_collapsed=1 --variable toc_smooth_scroll=1 --variable toc_print=1 --template /tmp/slurmjob.39922831/RtmpY2WyK0/BiocStyle/template.html --no-highlight --variable highlightjs=1 --number-sections --variable theme=bootstrap --css /apps/rocs/cedar/2020.08/cascadelake/site-libs/R/cedar_r4.5_bioc3.22-devel/2025_08_05/incremental/rlibs/BiocStyle/resources/html/bioconductor.css --mathjax --variable 'mathjax-url=https://mathjax.rstudio.com/latest/MathJax.js?config=TeX-AMS-MML_HTMLorMML' --include-in-header /tmp/slurmjob.39922831/RtmpY2WyK0/rmarkdown-strb0af4395cd173.html --variable code_folding=hide --variable code_menu=1 
1/100                            
2/100 [setup]                    
3/100                            
4/100 [gDR_style]                
5/100                            
6/100 [libraries]                
7/100                            
8/100 [drug_dose_layout]         
9/100                            
10/100 [split_types]              
11/100                            
12/100 [extract_data_sa]          
13/100                            
14/100 [extract_data_combo]       
15/100                            
16/100 [create_SE_sa_rowData]     
17/100                            
18/100 [create_SE_sa_colData]     
19/100                            
20/100 [create_SE_combo_rowData]  
21/100                            
22/100 [create_SE_combo_colData]  
23/100                            
24/100 [create_SE_sa_qc]          
25/100                            
1/1
26/100 [sa_controls]              
27/100                            
28/100 [sa_controls_save]         
29/100                            
30/100 [create_SE_combo_qc]       
31/100                            
1/1
32/100 [combo_controls]           
33/100                            
34/100 [combo_controls_save]      
35/100                            
36/100 [normalize_data_sa]        
37/100                            
38/100 [normalize_data_combo]     
39/100                            
40/100 [verbose_mode_info]        
41/100                            
42/100 [sa_norm_data_viz_RV]      
43/100                            
44/100 [sa_norm_data_viz_GR]      
45/100                            
46/100 [sa_norm_data_tab_RV]      
47/100                            
1/87                     
2/87 [sa_norm_tab_RV_001]
3/87                     
4/87 [sa_norm_tab_RV_002]
5/87                     
6/87 [sa_norm_tab_RV_003]
7/87                     
8/87 [sa_norm_tab_RV_004]
9/87                     
10/87 [sa_norm_tab_RV_005]
11/87                     
12/87 [sa_norm_tab_RV_006]
13/87                     
14/87 [sa_norm_tab_RV_007]
15/87                     
16/87 [sa_norm_tab_RV_008]
17/87                     
18/87 [sa_norm_tab_RV_009]
19/87                     
20/87 [sa_norm_tab_RV_010]
21/87                     
22/87 [sa_norm_tab_RV_011]
23/87                     
24/87 [sa_norm_tab_RV_012]
25/87                     
26/87 [sa_norm_tab_RV_013]
27/87                     
28/87 [sa_norm_tab_RV_014]
29/87                     
30/87 [sa_norm_tab_RV_015]
31/87                     
32/87 [sa_norm_tab_RV_016]
33/87                     
34/87 [sa_norm_tab_RV_017]
35/87                     
36/87 [sa_norm_tab_RV_018]
37/87                     
38/87 [sa_norm_tab_RV_019]
39/87                     
40/87 [sa_norm_tab_RV_020]
41/87                     
42/87 [sa_norm_tab_RV_021]
43/87                     
44/87 [sa_norm_tab_RV_022]
45/87                     
46/87 [sa_norm_tab_RV_023]
47/87                     
48/87 [sa_norm_tab_RV_024]
49/87                     
50/87 [sa_norm_tab_RV_025]
51/87                     
52/87 [sa_norm_tab_RV_026]
53/87                     
54/87 [sa_norm_tab_RV_027]
55/87                     
56/87 [sa_norm_tab_RV_028]
57/87                     
58/87 [sa_norm_tab_RV_029]
59/87                     
60/87 [sa_norm_tab_RV_030]
61/87                     
62/87 [sa_norm_tab_RV_031]
63/87                     
64/87 [sa_norm_tab_RV_032]
65/87                     
66/87 [sa_norm_tab_RV_033]
67/87                     
68/87 [sa_norm_tab_RV_034]
69/87                     
70/87 [sa_norm_tab_RV_035]
71/87                     
72/87 [sa_norm_tab_RV_036]
73/87                     
74/87 [sa_norm_tab_RV_037]
75/87                     
76/87 [sa_norm_tab_RV_038]
77/87                     
78/87 [sa_norm_tab_RV_039]
79/87                     
80/87 [sa_norm_tab_RV_040]
81/87                     
82/87 [sa_norm_tab_RV_041]
83/87                     
84/87 [sa_norm_tab_RV_042]
85/87                     
86/87 [sa_norm_tab_RV_043]
87/87                     
48/100 [sa_norm_data_tab_GR]      
49/100                            
1/87                     
2/87 [sa_norm_tab_GR_001]
3/87                     
4/87 [sa_norm_tab_GR_002]
5/87                     
6/87 [sa_norm_tab_GR_003]
7/87                     
8/87 [sa_norm_tab_GR_004]
9/87                     
10/87 [sa_norm_tab_GR_005]
11/87                     
12/87 [sa_norm_tab_GR_006]
13/87                     
14/87 [sa_norm_tab_GR_007]
15/87                     
16/87 [sa_norm_tab_GR_008]
17/87                     
18/87 [sa_norm_tab_GR_009]
19/87                     
20/87 [sa_norm_tab_GR_010]
21/87                     
22/87 [sa_norm_tab_GR_011]
23/87                     
24/87 [sa_norm_tab_GR_012]
25/87                     
26/87 [sa_norm_tab_GR_013]
27/87                     
28/87 [sa_norm_tab_GR_014]
29/87                     
30/87 [sa_norm_tab_GR_015]
31/87                     
32/87 [sa_norm_tab_GR_016]
33/87                     
34/87 [sa_norm_tab_GR_017]
35/87                     
36/87 [sa_norm_tab_GR_018]
37/87                     
38/87 [sa_norm_tab_GR_019]
39/87                     
40/87 [sa_norm_tab_GR_020]
41/87                     
42/87 [sa_norm_tab_GR_021]
43/87                     
44/87 [sa_norm_tab_GR_022]
45/87                     
46/87 [sa_norm_tab_GR_023]
47/87                     
48/87 [sa_norm_tab_GR_024]
49/87                     
50/87 [sa_norm_tab_GR_025]
51/87                     
52/87 [sa_norm_tab_GR_026]
53/87                     
54/87 [sa_norm_tab_GR_027]
55/87                     
56/87 [sa_norm_tab_GR_028]
57/87                     
58/87 [sa_norm_tab_GR_029]
59/87                     
60/87 [sa_norm_tab_GR_030]
61/87                     
62/87 [sa_norm_tab_GR_031]
63/87                     
64/87 [sa_norm_tab_GR_032]
65/87                     
66/87 [sa_norm_tab_GR_033]
67/87                     
68/87 [sa_norm_tab_GR_034]
69/87                     
70/87 [sa_norm_tab_GR_035]
71/87                     
72/87 [sa_norm_tab_GR_036]
73/87                     
74/87 [sa_norm_tab_GR_037]
75/87                     
76/87 [sa_norm_tab_GR_038]
77/87                     
78/87 [sa_norm_tab_GR_039]
79/87                     
80/87 [sa_norm_tab_GR_040]
81/87                     
82/87 [sa_norm_tab_GR_041]
83/87                     
84/87 [sa_norm_tab_GR_042]
85/87                     
86/87 [sa_norm_tab_GR_043]
87/87                     
50/100 [combo_norm_data_viz_RV]   
51/100                            
52/100 [combo_norm_data_viz_GR]   
53/100                            
54/100 [combo_norm_data_tab_RV]   
55/100                            
1/87                        
2/87 [combo_norm_tab_RV_001]
3/87                        
4/87 [combo_norm_tab_RV_002]
5/87                        
6/87 [combo_norm_tab_RV_003]
7/87                        
8/87 [combo_norm_tab_RV_004]
9/87                        
10/87 [combo_norm_tab_RV_005]
11/87                        
12/87 [combo_norm_tab_RV_006]
13/87                        
14/87 [combo_norm_tab_RV_007]
15/87                        
16/87 [combo_norm_tab_RV_008]
17/87                        
18/87 [combo_norm_tab_RV_009]
19/87                        
20/87 [combo_norm_tab_RV_010]
21/87                        
22/87 [combo_norm_tab_RV_011]
23/87                        
24/87 [combo_norm_tab_RV_012]
25/87                        
26/87 [combo_norm_tab_RV_013]
27/87                        
28/87 [combo_norm_tab_RV_014]
29/87                        
30/87 [combo_norm_tab_RV_015]
31/87                        
32/87 [combo_norm_tab_RV_016]
33/87                        
34/87 [combo_norm_tab_RV_017]
35/87                        
36/87 [combo_norm_tab_RV_018]
37/87                        
38/87 [combo_norm_tab_RV_019]
39/87                        
40/87 [combo_norm_tab_RV_020]
41/87                        
42/87 [combo_norm_tab_RV_021]
43/87                        
44/87 [combo_norm_tab_RV_022]
45/87                        
46/87 [combo_norm_tab_RV_023]
47/87                        
48/87 [combo_norm_tab_RV_024]
49/87                        
50/87 [combo_norm_tab_RV_025]
51/87                        
52/87 [combo_norm_tab_RV_026]
53/87                        
54/87 [combo_norm_tab_RV_027]
55/87                        
56/87 [combo_norm_tab_RV_028]
57/87                        
58/87 [combo_norm_tab_RV_029]
59/87                        
60/87 [combo_norm_tab_RV_030]
61/87                        
62/87 [combo_norm_tab_RV_031]
63/87                        
64/87 [combo_norm_tab_RV_032]
65/87                        
66/87 [combo_norm_tab_RV_033]
67/87                        
68/87 [combo_norm_tab_RV_034]
69/87                        
70/87 [combo_norm_tab_RV_035]
71/87                        
72/87 [combo_norm_tab_RV_036]
73/87                        
74/87 [combo_norm_tab_RV_037]
75/87                        
76/87 [combo_norm_tab_RV_038]
77/87                        
78/87 [combo_norm_tab_RV_039]
79/87                        
80/87 [combo_norm_tab_RV_040]
81/87                        
82/87 [combo_norm_tab_RV_041]
83/87                        
84/87 [combo_norm_tab_RV_042]
85/87                        
86/87 [combo_norm_tab_RV_043]
87/87                        
56/100 [norm_data_tab_GR]         
57/100                            
1/87                        
2/87 [combo_norm_tab_GR_001]
3/87                        
4/87 [combo_norm_tab_GR_002]
5/87                        
6/87 [combo_norm_tab_GR_003]
7/87                        
8/87 [combo_norm_tab_GR_004]
9/87                        
10/87 [combo_norm_tab_GR_005]
11/87                        
12/87 [combo_norm_tab_GR_006]
13/87                        
14/87 [combo_norm_tab_GR_007]
15/87                        
16/87 [combo_norm_tab_GR_008]
17/87                        
18/87 [combo_norm_tab_GR_009]
19/87                        
20/87 [combo_norm_tab_GR_010]
21/87                        
22/87 [combo_norm_tab_GR_011]
23/87                        
24/87 [combo_norm_tab_GR_012]
25/87                        
26/87 [combo_norm_tab_GR_013]
27/87                        
28/87 [combo_norm_tab_GR_014]
29/87                        
30/87 [combo_norm_tab_GR_015]
31/87                        
32/87 [combo_norm_tab_GR_016]
33/87                        
34/87 [combo_norm_tab_GR_017]
35/87                        
36/87 [combo_norm_tab_GR_018]
37/87                        
38/87 [combo_norm_tab_GR_019]
39/87                        
40/87 [combo_norm_tab_GR_020]
41/87                        
42/87 [combo_norm_tab_GR_021]
43/87                        
44/87 [combo_norm_tab_GR_022]
45/87                        
46/87 [combo_norm_tab_GR_023]
47/87                        
48/87 [combo_norm_tab_GR_024]
49/87                        
50/87 [combo_norm_tab_GR_025]
51/87                        
52/87 [combo_norm_tab_GR_026]
53/87                        
54/87 [combo_norm_tab_GR_027]
55/87                        
56/87 [combo_norm_tab_GR_028]
57/87                        
58/87 [combo_norm_tab_GR_029]
59/87                        
60/87 [combo_norm_tab_GR_030]
61/87                        
62/87 [combo_norm_tab_GR_031]
63/87                        
64/87 [combo_norm_tab_GR_032]
65/87                        
66/87 [combo_norm_tab_GR_033]
67/87                        
68/87 [combo_norm_tab_GR_034]
69/87                        
70/87 [combo_norm_tab_GR_035]
71/87                        
72/87 [combo_norm_tab_GR_036]
73/87                        
74/87 [combo_norm_tab_GR_037]
75/87                        
76/87 [combo_norm_tab_GR_038]
77/87                        
78/87 [combo_norm_tab_GR_039]
79/87                        
80/87 [combo_norm_tab_GR_040]
81/87                        
82/87 [combo_norm_tab_GR_041]
83/87                        
84/87 [combo_norm_tab_GR_042]
85/87                        
86/87 [combo_norm_tab_GR_043]
87/87                        
58/100 [average_data_sa]          
59/100                            
60/100 [average_data_combo]       
61/100                            
62/100 [average_data_viz_RV]      
63/100                            
64/100 [average_data_viz_GR]      
65/100                            
66/100 [average_data_tab_RV]      
67/100                            
1/5                    
2/5 [average_tab_RV_01]
3/5                    
4/5 [average_tab_RV_02]
5/5                    
68/100 [average_data_tab_GR]      
69/100                            
1/5                    
2/5 [average_tab_GR_01]
3/5                    
4/5 [average_tab_GR_02]
5/5                    
70/100 [average_data_combo_viz_RV]
71/100                            
72/100 [average_data_combo_viz_GR]
73/100                            
74/100 [average_data_combo_tab_RV]
75/100                            
1/5                          
2/5 [average_combo_tab_RV_01]
3/5                          
4/5 [average_combo_tab_RV_02]
5/5                          
76/100 [average_data_combo_tab_GR]
77/100                            
1/5                          
2/5 [average_combo_tab_GR_01]
3/5                          
4/5 [average_combo_tab_GR_02]
5/5                          
78/100 [fit_data_sa]              
79/100                            
80/100 [fit_data_combo]           
81/100                            
82/100 [fit_data_curv_panel_RV]   
83/100                            
84/100 [fit_data_curv_panel_GR]   
85/100                            
86/100 [fit_data_panel_tab_RV]    
87/100                            
1/87                       
2/87 [fit_panel_tab_RV_001]
3/87                       
4/87 [fit_panel_tab_RV_002]
5/87                       
6/87 [fit_panel_tab_RV_003]
7/87                       
8/87 [fit_panel_tab_RV_004]
9/87                       
10/87 [fit_panel_tab_RV_005]
11/87                       
12/87 [fit_panel_tab_RV_006]
13/87                       
14/87 [fit_panel_tab_RV_007]
15/87                       
16/87 [fit_panel_tab_RV_008]
17/87                       
18/87 [fit_panel_tab_RV_009]
19/87                       
20/87 [fit_panel_tab_RV_010]
21/87                       
22/87 [fit_panel_tab_RV_011]
23/87                       
24/87 [fit_panel_tab_RV_012]
25/87                       
26/87 [fit_panel_tab_RV_013]
27/87                       
28/87 [fit_panel_tab_RV_014]
29/87                       
30/87 [fit_panel_tab_RV_015]
31/87                       
32/87 [fit_panel_tab_RV_016]
33/87                       
34/87 [fit_panel_tab_RV_017]
35/87                       
36/87 [fit_panel_tab_RV_018]
37/87                       
38/87 [fit_panel_tab_RV_019]
39/87                       
40/87 [fit_panel_tab_RV_020]
41/87                       
42/87 [fit_panel_tab_RV_021]
43/87                       
44/87 [fit_panel_tab_RV_022]
45/87                       
46/87 [fit_panel_tab_RV_023]
47/87                       
48/87 [fit_panel_tab_RV_024]
49/87                       
50/87 [fit_panel_tab_RV_025]
51/87                       
52/87 [fit_panel_tab_RV_026]
53/87                       
54/87 [fit_panel_tab_RV_027]
55/87                       
56/87 [fit_panel_tab_RV_028]
57/87                       
58/87 [fit_panel_tab_RV_029]
59/87                       
60/87 [fit_panel_tab_RV_030]
61/87                       
62/87 [fit_panel_tab_RV_031]
63/87                       
64/87 [fit_panel_tab_RV_032]
65/87                       
66/87 [fit_panel_tab_RV_033]
67/87                       
68/87 [fit_panel_tab_RV_034]
69/87                       
70/87 [fit_panel_tab_RV_035]
71/87                       
72/87 [fit_panel_tab_RV_036]
73/87                       
74/87 [fit_panel_tab_RV_037]
75/87                       
76/87 [fit_panel_tab_RV_038]
77/87                       
78/87 [fit_panel_tab_RV_039]
79/87                       
80/87 [fit_panel_tab_RV_040]
81/87                       
82/87 [fit_panel_tab_RV_041]
83/87                       
84/87 [fit_panel_tab_RV_042]
85/87                       
86/87 [fit_panel_tab_RV_043]
87/87                       
88/100 [fit_data_panel_tab_GR]    
89/100                            
1/87                       
2/87 [fit_panel_tab_GR_001]
3/87                       
4/87 [fit_panel_tab_GR_002]
5/87                       
6/87 [fit_panel_tab_GR_003]
7/87                       
8/87 [fit_panel_tab_GR_004]
9/87                       
10/87 [fit_panel_tab_GR_005]
11/87                       
12/87 [fit_panel_tab_GR_006]
13/87                       
14/87 [fit_panel_tab_GR_007]
15/87                       
16/87 [fit_panel_tab_GR_008]
17/87                       
18/87 [fit_panel_tab_GR_009]
19/87                       
20/87 [fit_panel_tab_GR_010]
21/87                       
22/87 [fit_panel_tab_GR_011]
23/87                       
24/87 [fit_panel_tab_GR_012]
25/87                       
26/87 [fit_panel_tab_GR_013]
27/87                       
28/87 [fit_panel_tab_GR_014]
29/87                       
30/87 [fit_panel_tab_GR_015]
31/87                       
32/87 [fit_panel_tab_GR_016]
33/87                       
34/87 [fit_panel_tab_GR_017]
35/87                       
36/87 [fit_panel_tab_GR_018]
37/87                       
38/87 [fit_panel_tab_GR_019]
39/87                       
40/87 [fit_panel_tab_GR_020]
41/87                       
42/87 [fit_panel_tab_GR_021]
43/87                       
44/87 [fit_panel_tab_GR_022]
45/87                       
46/87 [fit_panel_tab_GR_023]
47/87                       
48/87 [fit_panel_tab_GR_024]
49/87                       
50/87 [fit_panel_tab_GR_025]
51/87                       
52/87 [fit_panel_tab_GR_026]
53/87                       
54/87 [fit_panel_tab_GR_027]
55/87                       
56/87 [fit_panel_tab_GR_028]
57/87                       
58/87 [fit_panel_tab_GR_029]
59/87                       
60/87 [fit_panel_tab_GR_030]
61/87                       
62/87 [fit_panel_tab_GR_031]
63/87                       
64/87 [fit_panel_tab_GR_032]
65/87                       
66/87 [fit_panel_tab_GR_033]
67/87                       
68/87 [fit_panel_tab_GR_034]
69/87                       
70/87 [fit_panel_tab_GR_035]
71/87                       
72/87 [fit_panel_tab_GR_036]
73/87                       
74/87 [fit_panel_tab_GR_037]
75/87                       
76/87 [fit_panel_tab_GR_038]
77/87                       
78/87 [fit_panel_tab_GR_039]
79/87                       
80/87 [fit_panel_tab_GR_040]
81/87                       
82/87 [fit_panel_tab_GR_041]
83/87                       
84/87 [fit_panel_tab_GR_042]
85/87                       
86/87 [fit_panel_tab_GR_043]
87/87                       
90/100 [fit_data_prec_viz_RV]     
91/100                            
92/100 [fit_data_prec_viz_GR]     
93/100                            
94/100 [fit_data_prec_tab_RV]     
95/100                            
1/87                      
2/87 [fit_prec_tab_RV_001]
3/87                      
4/87 [fit_prec_tab_RV_002]
5/87                      
6/87 [fit_prec_tab_RV_003]
7/87                      
8/87 [fit_prec_tab_RV_004]
9/87                      
10/87 [fit_prec_tab_RV_005]
11/87                      
12/87 [fit_prec_tab_RV_006]
13/87                      
14/87 [fit_prec_tab_RV_007]
15/87                      
16/87 [fit_prec_tab_RV_008]
17/87                      
18/87 [fit_prec_tab_RV_009]
19/87                      
20/87 [fit_prec_tab_RV_010]
21/87                      
22/87 [fit_prec_tab_RV_011]
23/87                      
24/87 [fit_prec_tab_RV_012]
25/87                      
26/87 [fit_prec_tab_RV_013]
27/87                      
28/87 [fit_prec_tab_RV_014]
29/87                      
30/87 [fit_prec_tab_RV_015]
31/87                      
32/87 [fit_prec_tab_RV_016]
33/87                      
34/87 [fit_prec_tab_RV_017]
35/87                      
36/87 [fit_prec_tab_RV_018]
37/87                      
38/87 [fit_prec_tab_RV_019]
39/87                      
40/87 [fit_prec_tab_RV_020]
41/87                      
42/87 [fit_prec_tab_RV_021]
43/87                      
44/87 [fit_prec_tab_RV_022]
45/87                      
46/87 [fit_prec_tab_RV_023]
47/87                      
48/87 [fit_prec_tab_RV_024]
49/87                      
50/87 [fit_prec_tab_RV_025]
51/87                      
52/87 [fit_prec_tab_RV_026]
53/87                      
54/87 [fit_prec_tab_RV_027]
55/87                      
56/87 [fit_prec_tab_RV_028]
57/87                      
58/87 [fit_prec_tab_RV_029]
59/87                      
60/87 [fit_prec_tab_RV_030]
61/87                      
62/87 [fit_prec_tab_RV_031]
63/87                      
64/87 [fit_prec_tab_RV_032]
65/87                      
66/87 [fit_prec_tab_RV_033]
67/87                      
68/87 [fit_prec_tab_RV_034]
69/87                      
70/87 [fit_prec_tab_RV_035]
71/87                      
72/87 [fit_prec_tab_RV_036]
73/87                      
74/87 [fit_prec_tab_RV_037]
75/87                      
76/87 [fit_prec_tab_RV_038]
77/87                      
78/87 [fit_prec_tab_RV_039]
79/87                      
80/87 [fit_prec_tab_RV_040]
81/87                      
82/87 [fit_prec_tab_RV_041]
83/87                      
84/87 [fit_prec_tab_RV_042]
85/87                      
86/87 [fit_prec_tab_RV_043]
87/87                      
96/100 [fit_data_prec_tab_GR]     
97/100                            
1/87                      
2/87 [fit_prec_tab_GR_001]
3/87                      
4/87 [fit_prec_tab_GR_002]
5/87                      
6/87 [fit_prec_tab_GR_003]
7/87                      
8/87 [fit_prec_tab_GR_004]
9/87                      
10/87 [fit_prec_tab_GR_005]
11/87                      
12/87 [fit_prec_tab_GR_006]
13/87                      
14/87 [fit_prec_tab_GR_007]
15/87                      
16/87 [fit_prec_tab_GR_008]
17/87                      
18/87 [fit_prec_tab_GR_009]
19/87                      
20/87 [fit_prec_tab_GR_010]
21/87                      
22/87 [fit_prec_tab_GR_011]
23/87                      
24/87 [fit_prec_tab_GR_012]
25/87                      
26/87 [fit_prec_tab_GR_013]
27/87                      
28/87 [fit_prec_tab_GR_014]
29/87                      
30/87 [fit_prec_tab_GR_015]
31/87                      
32/87 [fit_prec_tab_GR_016]
33/87                      
34/87 [fit_prec_tab_GR_017]
35/87                      
36/87 [fit_prec_tab_GR_018]
37/87                      
38/87 [fit_prec_tab_GR_019]
39/87                      
40/87 [fit_prec_tab_GR_020]
41/87                      
42/87 [fit_prec_tab_GR_021]
43/87                      
44/87 [fit_prec_tab_GR_022]
45/87                      
46/87 [fit_prec_tab_GR_023]
47/87                      
48/87 [fit_prec_tab_GR_024]
49/87                      
50/87 [fit_prec_tab_GR_025]
51/87                      
52/87 [fit_prec_tab_GR_026]
53/87                      
54/87 [fit_prec_tab_GR_027]
55/87                      
56/87 [fit_prec_tab_GR_028]
57/87                      
58/87 [fit_prec_tab_GR_029]
59/87                      
60/87 [fit_prec_tab_GR_030]
61/87                      
62/87 [fit_prec_tab_GR_031]
63/87                      
64/87 [fit_prec_tab_GR_032]
65/87                      
66/87 [fit_prec_tab_GR_033]
67/87                      
68/87 [fit_prec_tab_GR_034]
69/87                      
70/87 [fit_prec_tab_GR_035]
71/87                      
72/87 [fit_prec_tab_GR_036]
73/87                      
74/87 [fit_prec_tab_GR_037]
75/87                      
76/87 [fit_prec_tab_GR_038]
77/87                      
78/87 [fit_prec_tab_GR_039]
79/87                      
80/87 [fit_prec_tab_GR_040]
81/87                      
82/87 [fit_prec_tab_GR_041]
83/87                      
84/87 [fit_prec_tab_GR_042]
85/87                      
86/87 [fit_prec_tab_GR_043]
87/87                      
98/100 [create_mae]               
99/100                            
100/100 [plot_packages]            
/apps/rocs/cedar/2020.08/cascadelake/software/Pandoc/2.13/bin/pandoc +RTS -K512m -RTS 2-processing_and_QC.knit.md --to html4 --from markdown+autolink_bare_uris+tex_math_single_backslash --output /gne/web/dev/apache/htdocs/projects/gDR/reports/tmp/LargeDrugCombo_Goetz_Cancers_2024/v2_verbose/2-processing_and_QC.html --lua-filter /apps/rocs/cedar/2020.08/cascadelake/site-libs/R/cedar_r4.5_bioc3.22-devel/2025_10_03/incremental/rlibs/bookdown/rmarkdown/lua/custom-environment.lua --lua-filter /home/czechb3/R/cascadelake/cedar_r4.5_bioc3.22-devel/rmarkdown/rmarkdown/lua/pagebreak.lua --lua-filter /home/czechb3/R/cascadelake/cedar_r4.5_bioc3.22-devel/rmarkdown/rmarkdown/lua/latex-div.lua --self-contained --wrap preserve --variable bs3=TRUE --section-divs --table-of-contents --toc-depth 3 --variable toc_float=1 --variable toc_selectors=h1,h2,h3 --variable toc_collapsed=1 --variable toc_smooth_scroll=1 --variable toc_print=1 --template /tmp/slurmjob.39922831/RtmpY2WyK0/BiocStyle/template.html --no-highlight --variable highlightjs=1 --number-sections --variable theme=bootstrap --css /apps/rocs/cedar/2020.08/cascadelake/site-libs/R/cedar_r4.5_bioc3.22-devel/2025_08_05/incremental/rlibs/BiocStyle/resources/html/bioconductor.css --mathjax --variable 'mathjax-url=https://mathjax.rstudio.com/latest/MathJax.js?config=TeX-AMS-MML_HTMLorMML' --include-in-header /tmp/slurmjob.39922831/RtmpY2WyK0/rmarkdown-strb0af46c78d54b.html --variable code_folding=hide --variable code_menu=1 
1/138                                         
2/138 [setup]                                 
3/138                                         
4/138 [gDR_style]                             
5/138                                         
6/138 [libraries]                             
7/138                                         
8/138 [load_mae]                              
9/138                                         
10/138 [split_assay]                           
11/138                                         
12/138 [save_xlsx]                             
13/138                                         
14/138 [prepare_data_sa]                       
15/138                                         
16/138 [verbose_mode_info]                     
17/138                                         
18/138 [prepare_data_combo]                    
19/138                                         
20/138 [fit_data_curv_cl_viz_RV]               
21/138                                         
22/138 [fit_data_curv_cl_viz_GR]               
23/138                                         
24/138 [fit_data_curv_cl_tab]                  
25/138                                         
1/7                        
2/7 [fit_curv_cl_tab_RV_01]
3/7                        
4/7 [fit_curv_cl_tab_RV_02]
5/7                        
6/7 [fit_curv_cl_tab_RV_03]
7/7                        
26/138 [fit_data_curv_cl_tab_GR]               
27/138                                         
1/7                        
2/7 [fit_curv_cl_tab_GR_01]
3/7                        
4/7 [fit_curv_cl_tab_GR_02]
5/7                        
6/7 [fit_curv_cl_tab_GR_03]
7/7                        
28/138 [fit_data_curv_d_viz_RV]                
29/138                                         
30/138 [fit_data_curv_d_viz_GR]                
31/138                                         
32/138 [fit_data_curv_d_tab]                   
33/138                                         
1/87                        
2/87 [fit_curv_d_tab_RV_001]
3/87                        
4/87 [fit_curv_d_tab_RV_002]
5/87                        
6/87 [fit_curv_d_tab_RV_003]
7/87                        
8/87 [fit_curv_d_tab_RV_004]
9/87                        
10/87 [fit_curv_d_tab_RV_005]
11/87                        
12/87 [fit_curv_d_tab_RV_006]
13/87                        
14/87 [fit_curv_d_tab_RV_007]
15/87                        
16/87 [fit_curv_d_tab_RV_008]
17/87                        
18/87 [fit_curv_d_tab_RV_009]
19/87                        
20/87 [fit_curv_d_tab_RV_010]
21/87                        
22/87 [fit_curv_d_tab_RV_011]
23/87                        
24/87 [fit_curv_d_tab_RV_012]
25/87                        
26/87 [fit_curv_d_tab_RV_013]
27/87                        
28/87 [fit_curv_d_tab_RV_014]
29/87                        
30/87 [fit_curv_d_tab_RV_015]
31/87                        
32/87 [fit_curv_d_tab_RV_016]
33/87                        
34/87 [fit_curv_d_tab_RV_017]
35/87                        
36/87 [fit_curv_d_tab_RV_018]
37/87                        
38/87 [fit_curv_d_tab_RV_019]
39/87                        
40/87 [fit_curv_d_tab_RV_020]
41/87                        
42/87 [fit_curv_d_tab_RV_021]
43/87                        
44/87 [fit_curv_d_tab_RV_022]
45/87                        
46/87 [fit_curv_d_tab_RV_023]
47/87                        
48/87 [fit_curv_d_tab_RV_024]
49/87                        
50/87 [fit_curv_d_tab_RV_025]
51/87                        
52/87 [fit_curv_d_tab_RV_026]
53/87                        
54/87 [fit_curv_d_tab_RV_027]
55/87                        
56/87 [fit_curv_d_tab_RV_028]
57/87                        
58/87 [fit_curv_d_tab_RV_029]
59/87                        
60/87 [fit_curv_d_tab_RV_030]
61/87                        
62/87 [fit_curv_d_tab_RV_031]
63/87                        
64/87 [fit_curv_d_tab_RV_032]
65/87                        
66/87 [fit_curv_d_tab_RV_033]
67/87                        
68/87 [fit_curv_d_tab_RV_034]
69/87                        
70/87 [fit_curv_d_tab_RV_035]
71/87                        
72/87 [fit_curv_d_tab_RV_036]
73/87                        
74/87 [fit_curv_d_tab_RV_037]
75/87                        
76/87 [fit_curv_d_tab_RV_038]
77/87                        
78/87 [fit_curv_d_tab_RV_039]
79/87                        
80/87 [fit_curv_d_tab_RV_040]
81/87                        
82/87 [fit_curv_d_tab_RV_041]
83/87                        
84/87 [fit_curv_d_tab_RV_042]
85/87                        
86/87 [fit_curv_d_tab_RV_043]
87/87                        
34/138 [fit_data_curv_d_tab_GR]                
35/138                                         
1/87                        
2/87 [fit_curv_d_tab_GR_001]
3/87                        
4/87 [fit_curv_d_tab_GR_002]
5/87                        
6/87 [fit_curv_d_tab_GR_003]
7/87                        
8/87 [fit_curv_d_tab_GR_004]
9/87                        
10/87 [fit_curv_d_tab_GR_005]
11/87                        
12/87 [fit_curv_d_tab_GR_006]
13/87                        
14/87 [fit_curv_d_tab_GR_007]
15/87                        
16/87 [fit_curv_d_tab_GR_008]
17/87                        
18/87 [fit_curv_d_tab_GR_009]
19/87                        
20/87 [fit_curv_d_tab_GR_010]
21/87                        
22/87 [fit_curv_d_tab_GR_011]
23/87                        
24/87 [fit_curv_d_tab_GR_012]
25/87                        
26/87 [fit_curv_d_tab_GR_013]
27/87                        
28/87 [fit_curv_d_tab_GR_014]
29/87                        
30/87 [fit_curv_d_tab_GR_015]
31/87                        
32/87 [fit_curv_d_tab_GR_016]
33/87                        
34/87 [fit_curv_d_tab_GR_017]
35/87                        
36/87 [fit_curv_d_tab_GR_018]
37/87                        
38/87 [fit_curv_d_tab_GR_019]
39/87                        
40/87 [fit_curv_d_tab_GR_020]
41/87                        
42/87 [fit_curv_d_tab_GR_021]
43/87                        
44/87 [fit_curv_d_tab_GR_022]
45/87                        
46/87 [fit_curv_d_tab_GR_023]
47/87                        
48/87 [fit_curv_d_tab_GR_024]
49/87                        
50/87 [fit_curv_d_tab_GR_025]
51/87                        
52/87 [fit_curv_d_tab_GR_026]
53/87                        
54/87 [fit_curv_d_tab_GR_027]
55/87                        
56/87 [fit_curv_d_tab_GR_028]
57/87                        
58/87 [fit_curv_d_tab_GR_029]
59/87                        
60/87 [fit_curv_d_tab_GR_030]
61/87                        
62/87 [fit_curv_d_tab_GR_031]
63/87                        
64/87 [fit_curv_d_tab_GR_032]
65/87                        
66/87 [fit_curv_d_tab_GR_033]
67/87                        
68/87 [fit_curv_d_tab_GR_034]
69/87                        
70/87 [fit_curv_d_tab_GR_035]
71/87                        
72/87 [fit_curv_d_tab_GR_036]
73/87                        
74/87 [fit_curv_d_tab_GR_037]
75/87                        
76/87 [fit_curv_d_tab_GR_038]
77/87                        
78/87 [fit_curv_d_tab_GR_039]
79/87                        
80/87 [fit_curv_d_tab_GR_040]
81/87                        
82/87 [fit_curv_d_tab_GR_041]
83/87                        
84/87 [fit_curv_d_tab_GR_042]
85/87                        
86/87 [fit_curv_d_tab_GR_043]
87/87                        
36/138 [fit_data_heat_RV]                      
37/138                                         
38/138 [fit_data_heat_GR]                      
39/138                                         
40/138 [fit_data_tab_heat_RV]                  
41/138                                         
1/11                    
2/11 [fit_sa_heat_RV_01]
3/11                    
4/11 [fit_sa_heat_RV_02]
5/11                    
6/11 [fit_sa_heat_RV_03]
7/11                    
8/11 [fit_sa_heat_RV_04]
9/11                    
10/11 [fit_sa_heat_RV_05]
11/11                    
42/138 [fit_data_tab_heat_GR]                  
43/138                                         
1/11                    
2/11 [fit_sa_heat_GR_01]
3/11                    
4/11 [fit_sa_heat_GR_02]
5/11                    
6/11 [fit_sa_heat_GR_03]
7/11                    
8/11 [fit_sa_heat_GR_04]
9/11                    
10/11 [fit_sa_heat_GR_05]
11/11                    
44/138 [fit_data_box_cl_RV]                    
45/138                                         
46/138 [fit_data_box_cl_GR]                    
47/138                                         
48/138 [fit_data_tab_box_cl_RV]                
49/138                                         
1/11                          
2/11 [fit_sa_box_cl_tab_RV_01]
3/11                          
4/11 [fit_sa_box_cl_tab_RV_02]
5/11                          
6/11 [fit_sa_box_cl_tab_RV_03]
7/11                          
8/11 [fit_sa_box_cl_tab_RV_04]
9/11                          
10/11 [fit_sa_box_cl_tab_RV_05]
11/11                          
50/138 [fit_data_tab_box_cl_GR]                
51/138                                         
1/11                          
2/11 [fit_sa_box_cl_tab_GR_01]
3/11                          
4/11 [fit_sa_box_cl_tab_GR_02]
5/11                          
6/11 [fit_sa_box_cl_tab_GR_03]
7/11                          
8/11 [fit_sa_box_cl_tab_GR_04]
9/11                          
10/11 [fit_sa_box_cl_tab_GR_05]
11/11                          
52/138 [fit_data_box_d_RV]                     
53/138                                         
54/138 [fit_data_box_d_GR]                     
55/138                                         
56/138 [fit_data_tab_box_d_RV]                 
57/138                                         
1/11                         
2/11 [fit_sa_box_d_tab_RV_01]
3/11                         
4/11 [fit_sa_box_d_tab_RV_02]
5/11                         
6/11 [fit_sa_box_d_tab_RV_03]
7/11                         
8/11 [fit_sa_box_d_tab_RV_04]
9/11                         
10/11 [fit_sa_box_d_tab_RV_05]
11/11                         
58/138 [fit_data_tab_box_d_GR]                 
59/138                                         
1/11                         
2/11 [fit_sa_box_d_tab_GR_01]
3/11                         
4/11 [fit_sa_box_d_tab_GR_02]
5/11                         
6/11 [fit_sa_box_d_tab_GR_03]
7/11                         
8/11 [fit_sa_box_d_tab_GR_04]
9/11                         
10/11 [fit_sa_box_d_tab_GR_05]
11/11                         
60/138 [fit_data_box_t_RV]                     
61/138                                         
62/138 [fit_data_box_t_RV_viz]                 
63/138                                         
64/138 [fit_data_box_t_GR_viz]                 
65/138                                         
66/138 [fit_data_tab_box_t_RV]                 
67/138                                         
1/31                                             
2/31 [fit_sa_box_t_tab_RV_log10(IC50)_01]        
3/31                                             
4/31 [fit_sa_box_t_tab_RV_log10(IC50)_02]        
5/31                                             
6/31 [fit_sa_box_t_tab_RV_log10(IC50)_03]        
7/31                                             
8/31 [fit_sa_box_t_tab_RV_EMax_01]               
9/31                                             
10/31 [fit_sa_box_t_tab_RV_EMax_02]               
11/31                                             
12/31 [fit_sa_box_t_tab_RV_EMax_03]               
13/31                                             
14/31 [fit_sa_box_t_tab_RV_RVMean_01]             
15/31                                             
16/31 [fit_sa_box_t_tab_RV_RVMean_02]             
17/31                                             
18/31 [fit_sa_box_t_tab_RV_RVMean_03]             
19/31                                             
20/31 [fit_sa_box_t_tab_RV_RVAOC_01]              
21/31                                             
22/31 [fit_sa_box_t_tab_RV_RVAOC_02]              
23/31                                             
24/31 [fit_sa_box_t_tab_RV_RVAOC_03]              
25/31                                             
26/31 [fit_sa_box_t_tab_RV_RVAOCwithinsetrange_01]
27/31                                             
28/31 [fit_sa_box_t_tab_RV_RVAOCwithinsetrange_02]
29/31                                             
30/31 [fit_sa_box_t_tab_RV_RVAOCwithinsetrange_03]
31/31                                             
68/138 [fit_data_tab_box_t_GR]                 
69/138                                         
1/31                                             
2/31 [fit_sa_box_t_tab_GR_log10(GR50)_01]        
3/31                                             
4/31 [fit_sa_box_t_tab_GR_log10(GR50)_02]        
5/31                                             
6/31 [fit_sa_box_t_tab_GR_log10(GR50)_03]        
7/31                                             
8/31 [fit_sa_box_t_tab_GR_GRMax_01]              
9/31                                             
10/31 [fit_sa_box_t_tab_GR_GRMax_02]              
11/31                                             
12/31 [fit_sa_box_t_tab_GR_GRMax_03]              
13/31                                             
14/31 [fit_sa_box_t_tab_GR_GRMean_01]             
15/31                                             
16/31 [fit_sa_box_t_tab_GR_GRMean_02]             
17/31                                             
18/31 [fit_sa_box_t_tab_GR_GRMean_03]             
19/31                                             
20/31 [fit_sa_box_t_tab_GR_GRAOC_01]              
21/31                                             
22/31 [fit_sa_box_t_tab_GR_GRAOC_02]              
23/31                                             
24/31 [fit_sa_box_t_tab_GR_GRAOC_03]              
25/31                                             
26/31 [fit_sa_box_t_tab_GR_GRAOCwithinsetrange_01]
27/31                                             
28/31 [fit_sa_box_t_tab_GR_GRAOCwithinsetrange_02]
29/31                                             
30/31 [fit_sa_box_t_tab_GR_GRAOCwithinsetrange_03]
31/31                                             
70/138 [title_combo]                           
71/138                                         
72/138 [fit_data_combo_curv_cl_viz_GR]         
73/138                                         
74/138 [fit_data_combo_curv_cl_viz_RV]         
75/138                                         
76/138 [fit_data_combo_curv_cl_tab_RV]         
77/138                                         
1/87                               
2/87 [fit_combo_curv_cl_tab_RV_001]
3/87                               
4/87 [fit_combo_curv_cl_tab_RV_002]
5/87                               
6/87 [fit_combo_curv_cl_tab_RV_003]
7/87                               
8/87 [fit_combo_curv_cl_tab_RV_004]
9/87                               
10/87 [fit_combo_curv_cl_tab_RV_005]
11/87                               
12/87 [fit_combo_curv_cl_tab_RV_006]
13/87                               
14/87 [fit_combo_curv_cl_tab_RV_007]
15/87                               
16/87 [fit_combo_curv_cl_tab_RV_008]
17/87                               
18/87 [fit_combo_curv_cl_tab_RV_009]
19/87                               
20/87 [fit_combo_curv_cl_tab_RV_010]
21/87                               
22/87 [fit_combo_curv_cl_tab_RV_011]
23/87                               
24/87 [fit_combo_curv_cl_tab_RV_012]
25/87                               
26/87 [fit_combo_curv_cl_tab_RV_013]
27/87                               
28/87 [fit_combo_curv_cl_tab_RV_014]
29/87                               
30/87 [fit_combo_curv_cl_tab_RV_015]
31/87                               
32/87 [fit_combo_curv_cl_tab_RV_016]
33/87                               
34/87 [fit_combo_curv_cl_tab_RV_017]
35/87                               
36/87 [fit_combo_curv_cl_tab_RV_018]
37/87                               
38/87 [fit_combo_curv_cl_tab_RV_019]
39/87                               
40/87 [fit_combo_curv_cl_tab_RV_020]
41/87                               
42/87 [fit_combo_curv_cl_tab_RV_021]
43/87                               
44/87 [fit_combo_curv_cl_tab_RV_022]
45/87                               
46/87 [fit_combo_curv_cl_tab_RV_023]
47/87                               
48/87 [fit_combo_curv_cl_tab_RV_024]
49/87                               
50/87 [fit_combo_curv_cl_tab_RV_025]
51/87                               
52/87 [fit_combo_curv_cl_tab_RV_026]
53/87                               
54/87 [fit_combo_curv_cl_tab_RV_027]
55/87                               
56/87 [fit_combo_curv_cl_tab_RV_028]
57/87                               
58/87 [fit_combo_curv_cl_tab_RV_029]
59/87                               
60/87 [fit_combo_curv_cl_tab_RV_030]
61/87                               
62/87 [fit_combo_curv_cl_tab_RV_031]
63/87                               
64/87 [fit_combo_curv_cl_tab_RV_032]
65/87                               
66/87 [fit_combo_curv_cl_tab_RV_033]
67/87                               
68/87 [fit_combo_curv_cl_tab_RV_034]
69/87                               
70/87 [fit_combo_curv_cl_tab_RV_035]
71/87                               
72/87 [fit_combo_curv_cl_tab_RV_036]
73/87                               
74/87 [fit_combo_curv_cl_tab_RV_037]
75/87                               
76/87 [fit_combo_curv_cl_tab_RV_038]
77/87                               
78/87 [fit_combo_curv_cl_tab_RV_039]
79/87                               
80/87 [fit_combo_curv_cl_tab_RV_040]
81/87                               
82/87 [fit_combo_curv_cl_tab_RV_041]
83/87                               
84/87 [fit_combo_curv_cl_tab_RV_042]
85/87                               
86/87 [fit_combo_curv_cl_tab_RV_043]
87/87                               
78/138 [fit_data_combo_curv_cl_tab_GR]         
79/138                                         
1/87                               
2/87 [fit_combo_curv_cl_tab_GR_001]
3/87                               
4/87 [fit_combo_curv_cl_tab_GR_002]
5/87                               
6/87 [fit_combo_curv_cl_tab_GR_003]
7/87                               
8/87 [fit_combo_curv_cl_tab_GR_004]
9/87                               
10/87 [fit_combo_curv_cl_tab_GR_005]
11/87                               
12/87 [fit_combo_curv_cl_tab_GR_006]
13/87                               
14/87 [fit_combo_curv_cl_tab_GR_007]
15/87                               
16/87 [fit_combo_curv_cl_tab_GR_008]
17/87                               
18/87 [fit_combo_curv_cl_tab_GR_009]
19/87                               
20/87 [fit_combo_curv_cl_tab_GR_010]
21/87                               
22/87 [fit_combo_curv_cl_tab_GR_011]
23/87                               
24/87 [fit_combo_curv_cl_tab_GR_012]
25/87                               
26/87 [fit_combo_curv_cl_tab_GR_013]
27/87                               
28/87 [fit_combo_curv_cl_tab_GR_014]
29/87                               
30/87 [fit_combo_curv_cl_tab_GR_015]
31/87                               
32/87 [fit_combo_curv_cl_tab_GR_016]
33/87                               
34/87 [fit_combo_curv_cl_tab_GR_017]
35/87                               
36/87 [fit_combo_curv_cl_tab_GR_018]
37/87                               
38/87 [fit_combo_curv_cl_tab_GR_019]
39/87                               
40/87 [fit_combo_curv_cl_tab_GR_020]
41/87                               
42/87 [fit_combo_curv_cl_tab_GR_021]
43/87                               
44/87 [fit_combo_curv_cl_tab_GR_022]
45/87                               
46/87 [fit_combo_curv_cl_tab_GR_023]
47/87                               
48/87 [fit_combo_curv_cl_tab_GR_024]
49/87                               
50/87 [fit_combo_curv_cl_tab_GR_025]
51/87                               
52/87 [fit_combo_curv_cl_tab_GR_026]
53/87                               
54/87 [fit_combo_curv_cl_tab_GR_027]
55/87                               
56/87 [fit_combo_curv_cl_tab_GR_028]
57/87                               
58/87 [fit_combo_curv_cl_tab_GR_029]
59/87                               
60/87 [fit_combo_curv_cl_tab_GR_030]
61/87                               
62/87 [fit_combo_curv_cl_tab_GR_031]
63/87                               
64/87 [fit_combo_curv_cl_tab_GR_032]
65/87                               
66/87 [fit_combo_curv_cl_tab_GR_033]
67/87                               
68/87 [fit_combo_curv_cl_tab_GR_034]
69/87                               
70/87 [fit_combo_curv_cl_tab_GR_035]
71/87                               
72/87 [fit_combo_curv_cl_tab_GR_036]
73/87                               
74/87 [fit_combo_curv_cl_tab_GR_037]
75/87                               
76/87 [fit_combo_curv_cl_tab_GR_038]
77/87                               
78/87 [fit_combo_curv_cl_tab_GR_039]
79/87                               
80/87 [fit_combo_curv_cl_tab_GR_040]
81/87                               
82/87 [fit_combo_curv_cl_tab_GR_041]
83/87                               
84/87 [fit_combo_curv_cl_tab_GR_042]
85/87                               
86/87 [fit_combo_curv_cl_tab_GR_043]
87/87                               
80/138 [fit_data_combo_heat_viz_RV]            
81/138                                         
82/138 [fit_data_combo_heat_viz_GR]            
83/138                                         
84/138 [fit_data_combo_heat_tab_RV]            
85/138                                         
1/173                            
2/173 [fit_combo_heat_tab_RV_001]
3/173                            
4/173 [fit_combo_heat_tab_RV_002]
5/173                            
6/173 [fit_combo_heat_tab_RV_003]
7/173                            
8/173 [fit_combo_heat_tab_RV_004]
9/173                            
10/173 [fit_combo_heat_tab_RV_005]
11/173                            
12/173 [fit_combo_heat_tab_RV_006]
13/173                            
14/173 [fit_combo_heat_tab_RV_007]
15/173                            
16/173 [fit_combo_heat_tab_RV_008]
17/173                            
18/173 [fit_combo_heat_tab_RV_009]
19/173                            
20/173 [fit_combo_heat_tab_RV_010]
21/173                            
22/173 [fit_combo_heat_tab_RV_011]
23/173                            
24/173 [fit_combo_heat_tab_RV_012]
25/173                            
26/173 [fit_combo_heat_tab_RV_013]
27/173                            
28/173 [fit_combo_heat_tab_RV_014]
29/173                            
30/173 [fit_combo_heat_tab_RV_015]
31/173                            
32/173 [fit_combo_heat_tab_RV_016]
33/173                            
34/173 [fit_combo_heat_tab_RV_017]
35/173                            
36/173 [fit_combo_heat_tab_RV_018]
37/173                            
38/173 [fit_combo_heat_tab_RV_019]
39/173                            
40/173 [fit_combo_heat_tab_RV_020]
41/173                            
42/173 [fit_combo_heat_tab_RV_021]
43/173                            
44/173 [fit_combo_heat_tab_RV_022]
45/173                            
46/173 [fit_combo_heat_tab_RV_023]
47/173                            
48/173 [fit_combo_heat_tab_RV_024]
49/173                            
50/173 [fit_combo_heat_tab_RV_025]
51/173                            
52/173 [fit_combo_heat_tab_RV_026]
53/173                            
54/173 [fit_combo_heat_tab_RV_027]
55/173                            
56/173 [fit_combo_heat_tab_RV_028]
57/173                            
58/173 [fit_combo_heat_tab_RV_029]
59/173                            
60/173 [fit_combo_heat_tab_RV_030]
61/173                            
62/173 [fit_combo_heat_tab_RV_031]
63/173                            
64/173 [fit_combo_heat_tab_RV_032]
65/173                            
66/173 [fit_combo_heat_tab_RV_033]
67/173                            
68/173 [fit_combo_heat_tab_RV_034]
69/173                            
70/173 [fit_combo_heat_tab_RV_035]
71/173                            
72/173 [fit_combo_heat_tab_RV_036]
73/173                            
74/173 [fit_combo_heat_tab_RV_037]
75/173                            
76/173 [fit_combo_heat_tab_RV_038]
77/173                            
78/173 [fit_combo_heat_tab_RV_039]
79/173                            
80/173 [fit_combo_heat_tab_RV_040]
81/173                            
82/173 [fit_combo_heat_tab_RV_041]
83/173                            
84/173 [fit_combo_heat_tab_RV_042]
85/173                            
86/173 [fit_combo_heat_tab_RV_043]
87/173                            
88/173 [fit_combo_heat_tab_RV_044]
89/173                            
90/173 [fit_combo_heat_tab_RV_045]
91/173                            
92/173 [fit_combo_heat_tab_RV_046]
93/173                            
94/173 [fit_combo_heat_tab_RV_047]
95/173                            
96/173 [fit_combo_heat_tab_RV_048]
97/173                            
98/173 [fit_combo_heat_tab_RV_049]
99/173                            
100/173 [fit_combo_heat_tab_RV_050]
101/173                            
102/173 [fit_combo_heat_tab_RV_051]
103/173                            
104/173 [fit_combo_heat_tab_RV_052]
105/173                            
106/173 [fit_combo_heat_tab_RV_053]
107/173                            
108/173 [fit_combo_heat_tab_RV_054]
109/173                            
110/173 [fit_combo_heat_tab_RV_055]
111/173                            
112/173 [fit_combo_heat_tab_RV_056]
113/173                            
114/173 [fit_combo_heat_tab_RV_057]
115/173                            
116/173 [fit_combo_heat_tab_RV_058]
117/173                            
118/173 [fit_combo_heat_tab_RV_059]
119/173                            
120/173 [fit_combo_heat_tab_RV_060]
121/173                            
122/173 [fit_combo_heat_tab_RV_061]
123/173                            
124/173 [fit_combo_heat_tab_RV_062]
125/173                            
126/173 [fit_combo_heat_tab_RV_063]
127/173                            
128/173 [fit_combo_heat_tab_RV_064]
129/173                            
130/173 [fit_combo_heat_tab_RV_065]
131/173                            
132/173 [fit_combo_heat_tab_RV_066]
133/173                            
134/173 [fit_combo_heat_tab_RV_067]
135/173                            
136/173 [fit_combo_heat_tab_RV_068]
137/173                            
138/173 [fit_combo_heat_tab_RV_069]
139/173                            
140/173 [fit_combo_heat_tab_RV_070]
141/173                            
142/173 [fit_combo_heat_tab_RV_071]
143/173                            
144/173 [fit_combo_heat_tab_RV_072]
145/173                            
146/173 [fit_combo_heat_tab_RV_073]
147/173                            
148/173 [fit_combo_heat_tab_RV_074]
149/173                            
150/173 [fit_combo_heat_tab_RV_075]
151/173                            
152/173 [fit_combo_heat_tab_RV_076]
153/173                            
154/173 [fit_combo_heat_tab_RV_077]
155/173                            
156/173 [fit_combo_heat_tab_RV_078]
157/173                            
158/173 [fit_combo_heat_tab_RV_079]
159/173                            
160/173 [fit_combo_heat_tab_RV_080]
161/173                            
162/173 [fit_combo_heat_tab_RV_081]
163/173                            
164/173 [fit_combo_heat_tab_RV_082]
165/173                            
166/173 [fit_combo_heat_tab_RV_083]
167/173                            
168/173 [fit_combo_heat_tab_RV_084]
169/173                            
170/173 [fit_combo_heat_tab_RV_085]
171/173                            
172/173 [fit_combo_heat_tab_RV_086]
173/173                            
86/138 [fit_data_combo_heat_tab_GR]            
87/138                                         
1/173                            
2/173 [fit_combo_heat_tab_GR_001]
3/173                            
4/173 [fit_combo_heat_tab_GR_002]
5/173                            
6/173 [fit_combo_heat_tab_GR_003]
7/173                            
8/173 [fit_combo_heat_tab_GR_004]
9/173                            
10/173 [fit_combo_heat_tab_GR_005]
11/173                            
12/173 [fit_combo_heat_tab_GR_006]
13/173                            
14/173 [fit_combo_heat_tab_GR_007]
15/173                            
16/173 [fit_combo_heat_tab_GR_008]
17/173                            
18/173 [fit_combo_heat_tab_GR_009]
19/173                            
20/173 [fit_combo_heat_tab_GR_010]
21/173                            
22/173 [fit_combo_heat_tab_GR_011]
23/173                            
24/173 [fit_combo_heat_tab_GR_012]
25/173                            
26/173 [fit_combo_heat_tab_GR_013]
27/173                            
28/173 [fit_combo_heat_tab_GR_014]
29/173                            
30/173 [fit_combo_heat_tab_GR_015]
31/173                            
32/173 [fit_combo_heat_tab_GR_016]
33/173                            
34/173 [fit_combo_heat_tab_GR_017]
35/173                            
36/173 [fit_combo_heat_tab_GR_018]
37/173                            
38/173 [fit_combo_heat_tab_GR_019]
39/173                            
40/173 [fit_combo_heat_tab_GR_020]
41/173                            
42/173 [fit_combo_heat_tab_GR_021]
43/173                            
44/173 [fit_combo_heat_tab_GR_022]
45/173                            
46/173 [fit_combo_heat_tab_GR_023]
47/173                            
48/173 [fit_combo_heat_tab_GR_024]
49/173                            
50/173 [fit_combo_heat_tab_GR_025]
51/173                            
52/173 [fit_combo_heat_tab_GR_026]
53/173                            
54/173 [fit_combo_heat_tab_GR_027]
55/173                            
56/173 [fit_combo_heat_tab_GR_028]
57/173                            
58/173 [fit_combo_heat_tab_GR_029]
59/173                            
60/173 [fit_combo_heat_tab_GR_030]
61/173                            
62/173 [fit_combo_heat_tab_GR_031]
63/173                            
64/173 [fit_combo_heat_tab_GR_032]
65/173                            
66/173 [fit_combo_heat_tab_GR_033]
67/173                            
68/173 [fit_combo_heat_tab_GR_034]
69/173                            
70/173 [fit_combo_heat_tab_GR_035]
71/173                            
72/173 [fit_combo_heat_tab_GR_036]
73/173                            
74/173 [fit_combo_heat_tab_GR_037]
75/173                            
76/173 [fit_combo_heat_tab_GR_038]
77/173                            
78/173 [fit_combo_heat_tab_GR_039]
79/173                            
80/173 [fit_combo_heat_tab_GR_040]
81/173                            
82/173 [fit_combo_heat_tab_GR_041]
83/173                            
84/173 [fit_combo_heat_tab_GR_042]
85/173                            
86/173 [fit_combo_heat_tab_GR_043]
87/173                            
88/173 [fit_combo_heat_tab_GR_044]
89/173                            
90/173 [fit_combo_heat_tab_GR_045]
91/173                            
92/173 [fit_combo_heat_tab_GR_046]
93/173                            
94/173 [fit_combo_heat_tab_GR_047]
95/173                            
96/173 [fit_combo_heat_tab_GR_048]
97/173                            
98/173 [fit_combo_heat_tab_GR_049]
99/173                            
100/173 [fit_combo_heat_tab_GR_050]
101/173                            
102/173 [fit_combo_heat_tab_GR_051]
103/173                            
104/173 [fit_combo_heat_tab_GR_052]
105/173                            
106/173 [fit_combo_heat_tab_GR_053]
107/173                            
108/173 [fit_combo_heat_tab_GR_054]
109/173                            
110/173 [fit_combo_heat_tab_GR_055]
111/173                            
112/173 [fit_combo_heat_tab_GR_056]
113/173                            
114/173 [fit_combo_heat_tab_GR_057]
115/173                            
116/173 [fit_combo_heat_tab_GR_058]
117/173                            
118/173 [fit_combo_heat_tab_GR_059]
119/173                            
120/173 [fit_combo_heat_tab_GR_060]
121/173                            
122/173 [fit_combo_heat_tab_GR_061]
123/173                            
124/173 [fit_combo_heat_tab_GR_062]
125/173                            
126/173 [fit_combo_heat_tab_GR_063]
127/173                            
128/173 [fit_combo_heat_tab_GR_064]
129/173                            
130/173 [fit_combo_heat_tab_GR_065]
131/173                            
132/173 [fit_combo_heat_tab_GR_066]
133/173                            
134/173 [fit_combo_heat_tab_GR_067]
135/173                            
136/173 [fit_combo_heat_tab_GR_068]
137/173                            
138/173 [fit_combo_heat_tab_GR_069]
139/173                            
140/173 [fit_combo_heat_tab_GR_070]
141/173                            
142/173 [fit_combo_heat_tab_GR_071]
143/173                            
144/173 [fit_combo_heat_tab_GR_072]
145/173                            
146/173 [fit_combo_heat_tab_GR_073]
147/173                            
148/173 [fit_combo_heat_tab_GR_074]
149/173                            
150/173 [fit_combo_heat_tab_GR_075]
151/173                            
152/173 [fit_combo_heat_tab_GR_076]
153/173                            
154/173 [fit_combo_heat_tab_GR_077]
155/173                            
156/173 [fit_combo_heat_tab_GR_078]
157/173                            
158/173 [fit_combo_heat_tab_GR_079]
159/173                            
160/173 [fit_combo_heat_tab_GR_080]
161/173                            
162/173 [fit_combo_heat_tab_GR_081]
163/173                            
164/173 [fit_combo_heat_tab_GR_082]
165/173                            
166/173 [fit_combo_heat_tab_GR_083]
167/173                            
168/173 [fit_combo_heat_tab_GR_084]
169/173                            
170/173 [fit_combo_heat_tab_GR_085]
171/173                            
172/173 [fit_combo_heat_tab_GR_086]
173/173                            
88/138 [fit_data_combo_iso_viz_RV]             
89/138                                         
90/138 [fit_data_combo_iso_viz_GR]             
91/138                                         
92/138 [fit_data_combo_iso_tab_RV_smooth]      
93/138                                         
1/5                                 
2/5 [fit_combo_iso_tab_RV_smooth_01]
3/5                                 
4/5 [fit_combo_iso_tab_RV_smooth_02]
5/5                                 
94/138 [fit_data_combo_iso_tab_GR_smooth]      
95/138                                         
1/5                                 
2/5 [fit_combo_iso_tab_GR_smooth_01]
3/5                                 
4/5 [fit_combo_iso_tab_GR_smooth_02]
5/5                                 
96/138 [fit_data_combo_iso_tab_RV_hsa_excess]  
97/138                                         
1/5                                     
2/5 [fit_combo_iso_tab_RV_hsa_excess_01]
3/5                                     
4/5 [fit_combo_iso_tab_RV_hsa_excess_02]
5/5                                     
98/138 [fit_data_combo_iso_tab_GR_hsa_excess]  
99/138                                         
1/5                                     
2/5 [fit_combo_iso_tab_GR_hsa_excess_01]
3/5                                     
4/5 [fit_combo_iso_tab_GR_hsa_excess_02]
5/5                                     
100/138 [fit_data_combo_iso_tab_RV_bliss_excess]
101/138                                         
1/5                                       
2/5 [fit_combo_iso_tab_RV_bliss_excess_01]
3/5                                       
4/5 [fit_combo_iso_tab_RV_bliss_excess_02]
5/5                                       
102/138 [fit_data_combo_iso_tab_GR_bliss_excess]
103/138                                         
1/5                                       
2/5 [fit_combo_iso_tab_GR_bliss_excess_01]
3/5                                       
4/5 [fit_combo_iso_tab_GR_bliss_excess_02]
5/5                                       
104/138 [fit_data_combo_viz_RV]                 
105/138                                         
106/138 [fit_data_combo_viz_GR]                 
107/138                                         
108/138 [fit_data_combo_tab_RV]                 
109/138                                         
1/5                      
2/5 [fit_combo_tab_RV_01]
3/5                      
4/5 [fit_combo_tab_RV_02]
5/5                      
110/138 [fit_data_combo_tab_GR]                 
111/138                                         
1/5                      
2/5 [fit_combo_tab_GR_01]
3/5                      
4/5 [fit_combo_tab_GR_02]
5/5                      
112/138 [fit_data_combo_box_cl_RV]              
113/138                                         
114/138 [fit_data_combo_box_cl_GR]              
115/138                                         
116/138 [fit_data_combo_tab_box_cl_RV]          
117/138                                         
1/5                             
2/5 [fit_combo_box_cl_tab_RV_01]
3/5                             
4/5 [fit_combo_box_cl_tab_RV_02]
5/5                             
118/138 [fit_data_comb_tab_box_cl_GR]           
119/138                                         
1/5                             
2/5 [fit_combo_box_cl_tab_GR_01]
3/5                             
4/5 [fit_combo_box_cl_tab_GR_02]
5/5                             
120/138 [fit_data_combo_box_d_RV]               
121/138                                         
122/138 [fit_data_combo_box_d_GR]               
123/138                                         
124/138 [fit_data_combo_tab_box_d_RV]           
125/138                                         
1/5                            
2/5 [fit_combo_box_d_tab_RV_01]
3/5                            
4/5 [fit_combo_box_d_tab_RV_02]
5/5                            
126/138 [fit_data_comb_tab_box_d_GR]            
127/138                                         
1/5                            
2/5 [fit_combo_box_d_tab_GR_01]
3/5                            
4/5 [fit_combo_box_d_tab_GR_02]
5/5                            
128/138 [fit_data_combo_box_t_RV]               
129/138                                         
130/138 [fit_data_combo_box_t_RV_vis]           
131/138                                         
132/138 [fit_data_combo_box_t_GR_vis]           
133/138                                         
134/138 [fit_data_combo_tab_box_t_RV]           
135/138                                         
1/9                                         
2/9 [fit_combo_box_t_tab_RV_HSAScoreRV_01]  
3/9                                         
4/9 [fit_combo_box_t_tab_RV_HSAScoreRV_02]  
5/9                                         
6/9 [fit_combo_box_t_tab_RV_BlissScoreRV_01]
7/9                                         
8/9 [fit_combo_box_t_tab_RV_BlissScoreRV_02]
9/9                                         
136/138 [fit_data_comb_tab_box_t_GR]            
137/138                                         
1/9                                         
2/9 [fit_combo_box_t_tab_GR_HSAScoreGR_01]  
3/9                                         
4/9 [fit_combo_box_t_tab_GR_HSAScoreGR_02]  
5/9                                         
6/9 [fit_combo_box_t_tab_GR_BlissScoreGR_01]
7/9                                         
8/9 [fit_combo_box_t_tab_GR_BlissScoreGR_02]
9/9                                         
138/138 [plot_packages]                         
/apps/rocs/cedar/2020.08/cascadelake/software/Pandoc/2.13/bin/pandoc +RTS -K512m -RTS 3-analysis.knit.md --to html4 --from markdown+autolink_bare_uris+tex_math_single_backslash --output /gne/web/dev/apache/htdocs/projects/gDR/reports/tmp/LargeDrugCombo_Goetz_Cancers_2024/v2_verbose/3-analysis.html --lua-filter /apps/rocs/cedar/2020.08/cascadelake/site-libs/R/cedar_r4.5_bioc3.22-devel/2025_10_03/incremental/rlibs/bookdown/rmarkdown/lua/custom-environment.lua --lua-filter /home/czechb3/R/cascadelake/cedar_r4.5_bioc3.22-devel/rmarkdown/rmarkdown/lua/pagebreak.lua --lua-filter /home/czechb3/R/cascadelake/cedar_r4.5_bioc3.22-devel/rmarkdown/rmarkdown/lua/latex-div.lua --self-contained --wrap preserve --variable bs3=TRUE --section-divs --table-of-contents --toc-depth 3 --variable toc_float=1 --variable toc_selectors=h1,h2,h3 --variable toc_collapsed=1 --variable toc_smooth_scroll=1 --variable toc_print=1 --template /tmp/slurmjob.39922831/RtmpY2WyK0/BiocStyle/template.html --no-highlight --variable highlightjs=1 --number-sections --variable theme=bootstrap --css /apps/rocs/cedar/2020.08/cascadelake/site-libs/R/cedar_r4.5_bioc3.22-devel/2025_08_05/incremental/rlibs/BiocStyle/resources/html/bioconductor.css --mathjax --variable 'mathjax-url=https://mathjax.rstudio.com/latest/MathJax.js?config=TeX-AMS-MML_HTMLorMML' --include-in-header /tmp/slurmjob.39922831/RtmpY2WyK0/rmarkdown-strb0af453d3f928.html --variable code_folding=hide --variable code_menu=1 

Session Info:
R version 4.5.0 (2025-04-11)
Platform: x86_64-pc-linux-gnu
Running under: Red Hat Enterprise Linux 8.10 (Ootpa)

Matrix products: default
BLAS/LAPACK: /apps/rocs/2020.08/cascadelake/software/OpenBLAS/0.3.9-GCC-9.3.0/lib/libopenblas_skylakexp-r0.3.9.so;  LAPACK version 3.9.0

locale:
 [1] LC_CTYPE=en_US.UTF-8       LC_NUMERIC=C              
 [3] LC_TIME=en_US.UTF-8        LC_COLLATE=en_US.UTF-8    
 [5] LC_MONETARY=en_US.UTF-8    LC_MESSAGES=en_US.UTF-8   
 [7] LC_PAPER=en_US.UTF-8       LC_NAME=C                 
 [9] LC_ADDRESS=C               LC_TELEPHONE=C            
[11] LC_MEASUREMENT=en_US.UTF-8 LC_IDENTIFICATION=C       

time zone: America/Los_Angeles
tzcode source: system (glibc)

attached base packages:
[1] stats4    stats     graphics  grDevices utils     datasets  methods  
[8] base     

other attached packages:
 [1] ggplot2_4.0.3               writexl_1.5.4              
 [3] MultiAssayExperiment_1.36.2 SummarizedExperiment_1.40.0
 [5] Biobase_2.70.0              GenomicRanges_1.62.1       
 [7] Seqinfo_1.0.0               IRanges_2.44.0             
 [9] S4Vectors_0.48.1            BiocGenerics_0.56.0        
[11] generics_0.1.4              MatrixGenerics_1.22.0      
[13] matrixStats_1.5.0           gDRplots_0.0.107           
[15] gDR_1.7.2                   gDRcore_1.9.7              
[17] gDRimport_1.9.9             gDRutils_1.9.8             
[19] summarytools_1.1.4          data.table_1.18.4          
[21] purrr_1.2.2                 qs2_0.2.1                  
[23] BiocStyle_2.37.1            gDRinternal_1.0.263        

loaded via a namespace (and not attached):
  [1] splines_4.5.0         later_1.4.4           filelock_1.0.3       
  [4] tibble_3.3.1          R.oo_1.27.1           cellranger_1.1.0     
  [7] XML_3.99-0.23         lifecycle_1.0.4       rstatix_0.7.3        
 [10] tcltk_4.5.0           processx_3.8.6        lattice_0.22-7       
 [13] MASS_7.3-65           crosstalk_1.2.2       backports_1.5.1      
 [16] magrittr_2.0.4        sass_0.4.10           rmarkdown_2.31       
 [19] plotrix_3.8-14        jquerylib_0.1.4       yaml_2.3.12          
 [22] httpuv_1.6.17         otel_0.2.0            gp.auth_1.16.4       
 [25] cowplot_1.2.0         chromote_0.5.1        RColorBrewer_1.1-3   
 [28] gp.version_1.2.1      lubridate_1.9.4       multcomp_1.4-30      
 [31] abind_1.4-8           R.utils_2.13.0        BumpyMatrix_1.18.0   
 [34] TH.data_1.1-5         sandwich_3.1-1        ggrepel_0.9.8        
 [37] testthat_3.2.3        pheatmap_1.0.13       rematch_2.0.0        
 [40] svglite_2.2.1         commonmark_2.0.0      codetools_0.2-20     
 [43] DelayedArray_0.36.1   DT_0.34.0             ggtext_0.1.2         
 [46] xml2_1.5.2            tidyselect_1.2.1      futile.logger_1.4.9  
 [49] farver_2.1.2          base64enc_0.1-6       googledrive_2.1.2    
 [52] jsonlite_2.0.0        Formula_1.2-5         survival_3.8-3       
 [55] systemfonts_1.2.3     tools_4.5.0           ragg_1.4.0           
 [58] pryr_0.1.6            rio_1.3.0             Rcpp_1.1.0           
 [61] glue_1.8.1            gridExtra_2.3         SparseArray_1.10.10  
 [64] BiocBaseUtils_1.12.0  xfun_0.58             websocket_1.4.4      
 [67] dplyr_1.1.4           withr_3.0.2           formatR_1.14         
 [70] BiocManager_1.30.26   fastmap_1.2.0         litedown_0.9         
 [73] digest_0.6.39         timechange_0.3.0      R6_2.6.1             
 [76] mime_0.13             textshaping_1.0.3     colorspace_2.1-2     
 [79] GeneDataScreenR_1.0.9 gtools_3.9.5          dichromat_2.0-0.1    
 [82] markdown_2.0          R.methodsS3_1.8.2     googlesheets4_1.1.2  
 [85] tidyr_1.3.2           httr_1.4.8            htmlwidgets_1.6.4    
 [88] S4Arrays_1.10.1       whisker_0.4.1         pkgconfig_2.0.3      
 [91] gtable_0.3.6          S7_0.2.2              XVector_0.50.0       
 [94] brio_1.1.5            htmltools_0.5.9       carData_3.0-6        
 [97] bookdown_0.45         base64url_1.4         scales_1.4.0         
[100] knitr_1.51            lambda.r_1.2.4        reshape2_1.4.5       
[103] checkmate_2.3.4       curl_7.0.0            cachem_1.1.0         
[106] zoo_1.8-15            stringr_1.6.0         parallel_4.5.0       
[109] pillar_1.11.1         grid_4.5.0            vctrs_0.6.5          
[112] ggpubr_0.6.2          promises_1.4.0        stringfish_0.19.0    
[115] car_3.1-5             xtable_1.8-8          evaluate_1.0.5       
[118] tinytex_0.59          magick_2.9.0          mvtnorm_1.4-0        
[121] cli_3.6.6             compiler_4.5.0        futile.options_1.0.1 
[124] rlang_1.1.6           ggsignif_0.6.4        dcmad_0.0.6          
[127] labeling_0.4.3        ps_1.9.1              getPass_0.2-4        
[130] plyr_1.8.9            fs_2.1.0              stringi_1.8.7        
[133] pander_0.6.6          logExtra_0.1.19       BiocParallel_1.44.0  
[136] assertthat_0.2.1      Matrix_1.7-4          rapportools_1.2      
[139] shiny_1.11.1          gridtext_0.1.6        drc_3.0-1            
[142] broom_1.0.13          rgauth2_0.1.9         gargle_1.6.1         
[145] RcppParallel_5.1.11-1 bslib_0.11.0          readxl_1.4.5         
